This is version 1 of Test class.
This is version 2 of Test class, World.