This method is defined only in version 2 of Test class.