Hello from version 1 of Test class.
Hello from version 1 of Test class.